// Jest Snapshot v1, https://goo.gl/fbAQLP

exports[`StartScreen Rendering should match to snapshot 1`] = `
<TouchableOpacity
  activeOpacity={0.2}
  onPress={[Function]}
>
  <View
    style={
      Object {
        "backgroundColor": "#000065",
        "borderBottomWidth": 1,
        "minHeight": 70,
        "padding": 10,
        "width": "100%",
      }
    }
  >
    <Text
      style={
        Object {
          "color": "#fff",
          "fontSize": 26,
          "fontWeight": "bold",
        }
      }
    />
    <Text
      style={
        Object {
          "color": "#fff",
          "fontWeight": "bold",
        }
      }
    />
  </View>
</TouchableOpacity>
`;
